[0.011s][info][gc] Using G1
[1.017s][info][gc] GC(0) Pause Young (Normal) (G1 Evacuation Pause) 4M->2M(12M) 3.429ms
[8.594s][info][gc] GC(1) Pause Young (Normal) (G1 Evacuation Pause) 4M->3M(12M) 2.318ms
[8.616s][info][gc] GC(2) Pause Young (Normal) (G1 Evacuation Pause) 4M->4M(12M) 1.205ms
[8.634s][info][gc] GC(3) Pause Young (Normal) (G1 Evacuation Pause) 5M->3M(12M) 1.140ms
[8.676s][info][gc] GC(4) Pause Young (Normal) (G1 Evacuation Pause) 5M->4M(12M) 1.035ms
[8.725s][info][gc] GC(5) Pause Young (Normal) (G1 Evacuation Pause) 6M->4M(12M) 1.629ms
[8.747s][info][gc] GC(6) Pause Young (Normal) (G1 Evacuation Pause) 6M->5M(12M) 2.163ms
[8.756s][info][gc] GC(7) Pause Young (Normal) (G1 Evacuation Pause) 6M->4M(12M) 0.759ms
[8.779s][info][gc] GC(8) Pause Young (Normal) (G1 Evacuation Pause) 6M->5M(12M) 1.403ms
[8.836s][info][gc] GC(9) Pause Young (Normal) (G1 Evacuation Pause) 6M->4M(12M) 0.484ms
[8.905s][info][gc] GC(10) Pause Young (Normal) (G1 Evacuation Pause) 5M->5M(12M) 1.061ms
[8.939s][info][gc] GC(11) Pause Young (Normal) (G1 Evacuation Pause) 6M->5M(12M) 1.094ms
[8.961s][info][gc] GC(12) Pause Young (Normal) (G1 Evacuation Pause) 6M->5M(12M) 1.127ms
[8.973s][info][gc] GC(13) Pause Young (Concurrent Start) (G1 Evacuation Pause) 6M->5M(12M) 0.844ms
[8.973s][info][gc] GC(14) Concurrent Mark Cycle
[8.978s][info][gc] GC(14) Pause Remark 5M->5M(12M) 2.255ms
[8.980s][info][gc] GC(14) Pause Cleanup 5M->5M(12M) 0.029ms
[8.980s][info][gc] GC(14) Concurrent Mark Cycle 7.142ms
[9.022s][info][gc] GC(15) Pause Young (Prepare Mixed) (G1 Evacuation Pause) 6M->5M(12M) 1.489ms
[9.120s][info][gc] GC(16) Pause Young (Mixed) (G1 Evacuation Pause) 6M->5M(12M) 2.909ms
[9.170s][info][gc] GC(17) Pause Young (Normal) (G1 Evacuation Pause) 7M->5M(12M) 1.824ms
[15.200s][info][gc] GC(18) Pause Young (Normal) (G1 Evacuation Pause) 7M->5M(12M) 2.148ms
[21.211s][info][gc] GC(19) Pause Young (Concurrent Start) (G1 Evacuation Pause) 6M->5M(12M) 1.457ms
[21.211s][info][gc] GC(20) Concurrent Mark Cycle
[21.218s][info][gc] GC(20) Pause Remark 6M->6M(12M) 3.431ms
[21.220s][info][gc] GC(20) Pause Cleanup 6M->6M(12M) 0.032ms
[21.220s][info][gc] GC(20) Concurrent Mark Cycle 8.558ms
[29.217s][info][gc] GC(21) Pause Young (Prepare Mixed) (G1 Evacuation Pause) 6M->5M(12M) 1.445ms
[39.223s][info][gc] GC(22) Pause Young (Mixed) (G1 Evacuation Pause) 6M->5M(12M) 3.828ms
[58.234s][info][gc] GC(23) Pause Young (Concurrent Start) (G1 Evacuation Pause) 7M->5M(12M) 1.783ms
[58.234s][info][gc] GC(24) Concurrent Mark Cycle
[58.242s][info][gc] GC(24) Pause Remark 5M->5M(12M) 4.356ms
[58.244s][info][gc] GC(24) Pause Cleanup 5M->5M(12M) 0.039ms
[58.244s][info][gc] GC(24) Concurrent Mark Cycle 10.228ms
[78.243s][info][gc] GC(25) Pause Young (Prepare Mixed) (G1 Evacuation Pause) 7M->5M(12M) 1.458ms
[88.253s][info][gc] GC(26) Pause Young (Mixed) (G1 Evacuation Pause) 6M->5M(12M) 5.387ms
[89.848s][info][gc] GC(27) Pause Young (Concurrent Start) (G1 Humongous Allocation) 5M->5M(12M) 1.540ms
[89.848s][info][gc] GC(28) Concurrent Mark Cycle
[89.854s][info][gc] GC(28) Pause Remark 7M->7M(12M) 2.248ms
[89.854s][info][gc] GC(28) Pause Cleanup 7M->7M(12M) 0.002ms
[89.854s][info][gc] GC(28) Concurrent Mark Cycle 5.721ms
[89.858s][info][gc] GC(29) Pause Young (Normal) (G1 Evacuation Pause) 9M->6M(12M) 1.282ms
[89.861s][info][gc] GC(30) Pause Young (Concurrent Start) (G1 Evacuation Pause) 8M->6M(12M) 1.328ms
[89.861s][info][gc] GC(31) Concurrent Mark Cycle
[89.866s][info][gc] GC(32) Pause Young (Normal) (G1 Evacuation Pause) 8M->6M(12M) 1.350ms
[89.869s][info][gc] GC(31) Pause Remark 7M->7M(12M) 2.284ms
[89.869s][info][gc] GC(31) Pause Cleanup 7M->7M(12M) 0.003ms
[89.869s][info][gc] GC(31) Concurrent Mark Cycle 7.829ms
[89.872s][info][gc] GC(33) Pause Young (Normal) (G1 Evacuation Pause) 8M->6M(12M) 1.330ms
[89.875s][info][gc] GC(34) Pause Young (Concurrent Start) (G1 Evacuation Pause) 7M->6M(12M) 0.975ms
[89.875s][info][gc] GC(35) Concurrent Mark Cycle
[89.877s][info][gc] GC(36) Pause Young (Normal) (G1 Evacuation Pause) 7M->6M(12M) 0.870ms
[89.882s][info][gc] GC(37) Pause Young (Normal) (G1 Evacuation Pause) 7M->6M(12M) 0.928ms
[89.886s][info][gc] GC(35) Pause Remark 7M->7M(12M) 3.539ms
[89.888s][info][gc] GC(38) Pause Young (Normal) (G1 Evacuation Pause) 7M->6M(12M) 0.669ms
[89.889s][info][gc] GC(35) Pause Cleanup 7M->7M(12M) 0.028ms
[89.889s][info][gc] GC(35) Concurrent Mark Cycle 14.095ms
[89.890s][info][gc] GC(39) Pause Young (Normal) (G1 Evacuation Pause) 7M->6M(12M) 0.605ms
[89.891s][info][gc] GC(40) Pause Young (Concurrent Start) (G1 Evacuation Pause) 7M->6M(12M) 0.524ms
[89.891s][info][gc] GC(41) Concurrent Mark Cycle
[89.893s][info][gc] GC(42) Pause Young (Normal) (G1 Evacuation Pause) 7M->6M(12M) 0.323ms
[89.894s][info][gc] GC(43) Pause Young (Normal) (G1 Evacuation Pause) 7M->6M(12M) 0.273ms
[89.895s][info][gc] GC(44) Pause Young (Normal) (G1 Evacuation Pause) 7M->6M(12M) 0.218ms
[89.899s][info][gc] GC(41) Pause Remark 7M->7M(12M) 3.543ms
[89.901s][info][gc] GC(45) Pause Young (Normal) (G1 Evacuation Pause) 7M->6M(12M) 0.269ms
[89.901s][info][gc] GC(41) Pause Cleanup 7M->7M(12M) 0.016ms
[89.901s][info][gc] GC(41) Concurrent Mark Cycle 9.645ms
[89.902s][info][gc] GC(46) Pause Young (Normal) (G1 Evacuation Pause) 7M->7M(12M) 0.281ms
[89.904s][info][gc] GC(47) Pause Young (Concurrent Start) (G1 Evacuation Pause) 8M->7M(12M) 0.421ms
[89.904s][info][gc] GC(48) Concurrent Mark Cycle
[89.905s][info][gc] GC(49) Pause Young (Normal) (G1 Evacuation Pause) 8M->7M(12M) 0.253ms
[89.913s][info][gc] GC(50) Pause Young (Normal) (G1 Evacuation Pause) 8M->7M(12M) 0.341ms
[89.917s][info][gc] GC(48) Pause Remark 7M->7M(12M) 2.345ms
[89.917s][info][gc] GC(51) Pause Young (Normal) (G1 Evacuation Pause) 8M->7M(12M) 0.277ms
[89.919s][info][gc] GC(52) Pause Young (Normal) (G1 Evacuation Pause) 8M->7M(12M) 0.267ms
[89.919s][info][gc] GC(48) Pause Cleanup 7M->7M(12M) 0.019ms
[89.919s][info][gc] GC(48) Concurrent Mark Cycle 14.855ms
[89.920s][info][gc] GC(53) Pause Young (Normal) (G1 Evacuation Pause) 8M->7M(12M) 0.291ms
[89.922s][info][gc] GC(54) Pause Young (Concurrent Start) (G1 Humongous Allocation) 8M->7M(12M) 0.388ms
[89.922s][info][gc] GC(55) Concurrent Mark Cycle
[89.927s][info][gc] GC(55) Pause Remark 8M->8M(12M) 2.400ms
[89.929s][info][gc] GC(55) Pause Cleanup 8M->8M(12M) 0.023ms
[89.929s][info][gc] GC(55) Concurrent Mark Cycle 6.798ms
[99.255s][info][gc] GC(56) Pause Young (Normal) (G1 Evacuation Pause) 9M->5M(12M) 0.627ms
[104.258s][info][gc] GC(57) Pause Young (Concurrent Start) (G1 Evacuation Pause) 6M->5M(12M) 0.697ms
[104.258s][info][gc] GC(58) Concurrent Mark Cycle
[104.264s][info][gc] GC(58) Pause Remark 5M->5M(12M) 2.690ms
[104.266s][info][gc] GC(58) Pause Cleanup 5M->5M(12M) 0.045ms
[104.266s][info][gc] GC(58) Concurrent Mark Cycle 7.563ms
[114.266s][info][gc] GC(59) Pause Young (Normal) (G1 Evacuation Pause) 6M->5M(12M) 1.079ms
[124.268s][info][gc] GC(60) Pause Young (Concurrent Start) (G1 Evacuation Pause) 6M->5M(12M) 0.648ms
[124.268s][info][gc] GC(61) Concurrent Mark Cycle
[124.274s][info][gc] GC(61) Pause Remark 5M->5M(12M) 2.495ms
[124.275s][info][gc] GC(61) Pause Cleanup 5M->5M(12M) 0.025ms
[124.276s][info][gc] GC(61) Concurrent Mark Cycle 7.312ms
[142.279s][info][gc] GC(62) Pause Young (Normal) (G1 Evacuation Pause) 7M->5M(12M) 0.783ms
[163.294s][info][gc] GC(63) Pause Young (Concurrent Start) (G1 Evacuation Pause) 7M->5M(12M) 0.715ms
[163.294s][info][gc] GC(64) Concurrent Mark Cycle
[163.302s][info][gc] GC(64) Pause Remark 5M->5M(12M) 3.549ms
[163.303s][info][gc] GC(64) Pause Cleanup 5M->5M(12M) 0.032ms
[163.303s][info][gc] GC(64) Concurrent Mark Cycle 9.145ms
[171.175s][info][gc] GC(65) Pause Young (Concurrent Start) (G1 Humongous Allocation) 6M->5M(12M) 0.817ms
[171.175s][info][gc] GC(66) Concurrent Mark Cycle
[171.182s][info][gc] GC(66) Pause Remark 6M->6M(12M) 3.542ms
[171.184s][info][gc] GC(66) Pause Cleanup 6M->6M(12M) 0.030ms
[171.184s][info][gc] GC(66) Concurrent Mark Cycle 8.652ms
[187.283s][info][gc] GC(67) Pause Young (Normal) (G1 Evacuation Pause) 8M->5M(12M) 1.076ms
[207.321s][info][gc] GC(68) Pause Young (Concurrent Start) (G1 Evacuation Pause) 7M->5M(12M) 0.870ms
[207.321s][info][gc] GC(69) Concurrent Mark Cycle
[207.328s][info][gc] GC(69) Pause Remark 5M->5M(12M) 3.281ms
[207.329s][info][gc] GC(69) Pause Cleanup 5M->5M(12M) 0.029ms
[207.330s][info][gc] GC(69) Concurrent Mark Cycle 8.413ms
[214.719s][info][gc] GC(70) Pause Young (Concurrent Start) (G1 Humongous Allocation) 6M->5M(12M) 0.796ms
[214.719s][info][gc] GC(71) Concurrent Mark Cycle
[214.725s][info][gc] GC(71) Pause Remark 6M->6M(12M) 2.473ms
[214.727s][info][gc] GC(71) Pause Cleanup 6M->6M(12M) 0.023ms
[214.727s][info][gc] GC(71) Concurrent Mark Cycle 7.310ms
[236.295s][info][gc] GC(72) Pause Young (Normal) (G1 Evacuation Pause) 8M->6M(12M) 0.744ms
[246.343s][info][gc] GC(73) Pause Young (Concurrent Start) (G1 Evacuation Pause) 7M->6M(12M) 0.740ms
[246.344s][info][gc] GC(74) Concurrent Mark Cycle
[246.350s][info][gc] GC(74) Pause Remark 6M->6M(12M) 2.619ms
[246.351s][info][gc] GC(74) Pause Cleanup 6M->6M(12M) 0.022ms
[246.351s][info][gc] GC(74) Concurrent Mark Cycle 7.589ms
[257.297s][info][gc] GC(75) Pause Young (Normal) (G1 Evacuation Pause) 7M->6M(12M) 0.731ms
[267.352s][info][gc] GC(76) Pause Young (Concurrent Start) (G1 Evacuation Pause) 7M->6M(12M) 0.713ms
[267.352s][info][gc] GC(77) Concurrent Mark Cycle
[267.358s][info][gc] GC(77) Pause Remark 6M->6M(12M) 2.712ms
[267.360s][info][gc] GC(77) Pause Cleanup 6M->6M(12M) 0.026ms
[267.360s][info][gc] GC(77) Concurrent Mark Cycle 7.603ms
[278.298s][info][gc] GC(78) Pause Young (Normal) (G1 Evacuation Pause) 7M->6M(12M) 0.735ms
[288.367s][info][gc] GC(79) Pause Young (Concurrent Start) (G1 Evacuation Pause) 7M->6M(12M) 0.752ms
[288.368s][info][gc] GC(80) Concurrent Mark Cycle
[288.373s][info][gc] GC(80) Pause Remark 6M->6M(12M) 2.426ms
[288.375s][info][gc] GC(80) Pause Cleanup 6M->6M(12M) 0.028ms
[288.375s][info][gc] GC(80) Concurrent Mark Cycle 7.357ms
[299.298s][info][gc] GC(81) Pause Young (Normal) (G1 Evacuation Pause) 7M->6M(12M) 0.625ms
[309.143s][info][gc] GC(82) Pause Young (Concurrent Start) (G1 Evacuation Pause) 7M->6M(12M) 0.757ms
[309.143s][info][gc] GC(83) Concurrent Mark Cycle
[309.150s][info][gc] GC(83) Pause Remark 6M->6M(12M) 4.011ms
[309.152s][info][gc] GC(83) Pause Cleanup 6M->6M(12M) 0.025ms
[309.152s][info][gc] GC(83) Concurrent Mark Cycle 9.167ms
[319.300s][info][gc] GC(84) Pause Young (Normal) (G1 Evacuation Pause) 7M->6M(12M) 0.682ms
[329.387s][info][gc] GC(85) Pause Young (Concurrent Start) (G1 Evacuation Pause) 7M->5M(12M) 0.733ms
[329.387s][info][gc] GC(86) Concurrent Mark Cycle
[329.394s][info][gc] GC(86) Pause Remark 5M->5M(12M) 3.693ms
[329.396s][info][gc] GC(86) Pause Cleanup 5M->5M(12M) 0.029ms
[329.396s][info][gc] GC(86) Concurrent Mark Cycle 8.915ms
[350.405s][info][gc] GC(87) Pause Young (Normal) (G1 Evacuation Pause) 7M->5M(12M) 0.841ms
[371.421s][info][gc] GC(88) Pause Young (Concurrent Start) (G1 Evacuation Pause) 7M->5M(12M) 0.834ms
[371.421s][info][gc] GC(89) Concurrent Mark Cycle
[371.429s][info][gc] GC(89) Pause Remark 5M->5M(12M) 3.900ms
[371.431s][info][gc] GC(89) Pause Cleanup 5M->5M(12M) 0.027ms
[371.431s][info][gc] GC(89) Concurrent Mark Cycle 9.580ms
