[0.017s][info][gc] Using The Z Garbage Collector
[0.151s][info][gc] GC(0) Garbage Collection (Warmup) 4M(20%)->4M(20%)
[0.257s][info][gc] GC(1) Garbage Collection (Warmup) 4M(20%)->6M(30%)
[0.353s][info][gc] GC(2) Garbage Collection (Warmup) 6M(30%)->4M(20%)
[1.063s][info][gc] GC(3) Garbage Collection (Proactive) 6M(30%)->6M(30%)
[2.181s][info][gc] Allocation Stall (Common-Cleaner) 1.597ms
[2.182s][info][gc] Relocation Stall (Attach Listener) 0.272ms
[2.182s][info][gc] Allocation Stall (Attach Listener) 14.913ms
[2.183s][info][gc] GC(4) Garbage Collection (Allocation Rate) 20M(100%)->8M(40%)
[2.260s][info][gc] GC(5) Garbage Collection (Allocation Stall) 8M(40%)->8M(40%)
[2.357s][info][gc] GC(6) Garbage Collection (Allocation Rate) 10M(50%)->8M(40%)
[2.471s][info][gc] GC(7) Garbage Collection (Allocation Rate) 12M(60%)->8M(40%)
[2.569s][info][gc] GC(8) Garbage Collection (Allocation Rate) 10M(50%)->8M(40%)
[2.665s][info][gc] GC(9) Garbage Collection (Allocation Rate) 10M(50%)->8M(40%)
[2.759s][info][gc] GC(10) Garbage Collection (Allocation Rate) 8M(40%)->8M(40%)
[2.871s][info][gc] GC(11) Garbage Collection (Allocation Rate) 8M(40%)->8M(40%)
[2.965s][info][gc] GC(12) Garbage Collection (Allocation Rate) 8M(40%)->8M(40%)
[3.057s][info][gc] GC(13) Garbage Collection (Allocation Rate) 8M(40%)->10M(50%)
[3.170s][info][gc] GC(14) Garbage Collection (Allocation Rate) 10M(50%)->8M(40%)
[3.665s][info][gc] GC(15) Garbage Collection (Allocation Rate) 8M(40%)->10M(50%)
[3.768s][info][gc] GC(16) Garbage Collection (Allocation Rate) 10M(50%)->10M(50%)
[3.856s][info][gc] GC(17) Garbage Collection (Allocation Rate) 10M(50%)->8M(40%)
[3.968s][info][gc] GC(18) Garbage Collection (Allocation Rate) 10M(50%)->8M(40%)
[5.181s][info][gc] GC(19) Garbage Collection (Proactive) 10M(50%)->10M(50%)
[13.669s][info][gc] GC(20) Garbage Collection (Proactive) 12M(60%)->8M(40%)
[15.369s][info][gc] GC(21) Garbage Collection (Proactive) 10M(50%)->10M(50%)
[26.681s][info][gc] GC(22) Garbage Collection (Proactive) 12M(60%)->6M(30%)
[28.665s][info][gc] GC(23) Garbage Collection (Proactive) 8M(40%)->8M(40%)
[30.278s][info][gc] GC(24) Garbage Collection (Proactive) 10M(50%)->8M(40%)
[32.171s][info][gc] GC(25) Garbage Collection (Proactive) 10M(50%)->8M(40%)
[33.770s][info][gc] GC(26) Garbage Collection (Proactive) 10M(50%)->8M(40%)
[35.362s][info][gc] GC(27) Garbage Collection (Proactive) 10M(50%)->8M(40%)
[36.874s][info][gc] GC(28) Garbage Collection (Proactive) 10M(50%)->8M(40%)
[38.363s][info][gc] GC(29) Garbage Collection (Proactive) 10M(50%)->8M(40%)
[39.770s][info][gc] GC(30) Garbage Collection (Proactive) 10M(50%)->8M(40%)
[41.356s][info][gc] GC(31) Garbage Collection (Proactive) 10M(50%)->8M(40%)
[42.876s][info][gc] GC(32) Garbage Collection (Proactive) 10M(50%)->8M(40%)
[44.656s][info][gc] GC(33) Garbage Collection (Proactive) 10M(50%)->8M(40%)
[46.176s][info][gc] GC(34) Garbage Collection (Proactive) 10M(50%)->8M(40%)
[48.264s][info][gc] GC(35) Garbage Collection (Proactive) 10M(50%)->8M(40%)
[49.960s][info][gc] GC(36) Garbage Collection (Proactive) 10M(50%)->8M(40%)
[51.567s][info][gc] GC(37) Garbage Collection (Proactive) 10M(50%)->8M(40%)
[53.064s][info][gc] GC(38) Garbage Collection (Proactive) 10M(50%)->8M(40%)
[54.666s][info][gc] GC(39) Garbage Collection (Proactive) 10M(50%)->8M(40%)
[56.257s][info][gc] GC(40) Garbage Collection (Proactive) 10M(50%)->8M(40%)
[57.568s][info][gc] GC(41) Garbage Collection (Proactive) 10M(50%)->8M(40%)
[58.973s][info][gc] GC(42) Garbage Collection (Proactive) 10M(50%)->8M(40%)
[60.476s][info][gc] GC(43) Garbage Collection (Proactive) 10M(50%)->8M(40%)
[62.169s][info][gc] GC(44) Garbage Collection (Proactive) 10M(50%)->8M(40%)
[63.760s][info][gc] GC(45) Garbage Collection (Proactive) 10M(50%)->8M(40%)
[65.163s][info][gc] GC(46) Garbage Collection (Proactive) 10M(50%)->8M(40%)
[66.461s][info][gc] GC(47) Garbage Collection (Proactive) 10M(50%)->8M(40%)
[67.756s][info][gc] GC(48) Garbage Collection (Proactive) 10M(50%)->8M(40%)
[68.971s][info][gc] GC(49) Garbage Collection (Proactive) 10M(50%)->8M(40%)
[70.370s][info][gc] GC(50) Garbage Collection (Proactive) 10M(50%)->8M(40%)
[71.981s][info][gc] GC(51) Garbage Collection (Proactive) 10M(50%)->8M(40%)
[73.662s][info][gc] GC(52) Garbage Collection (Proactive) 10M(50%)->8M(40%)
[75.371s][info][gc] GC(53) Garbage Collection (Proactive) 10M(50%)->8M(40%)
[77.055s][info][gc] GC(54) Garbage Collection (Proactive) 10M(50%)->8M(40%)
[78.659s][info][gc] GC(55) Garbage Collection (Proactive) 10M(50%)->10M(50%)
[90.564s][info][gc] GC(56) Garbage Collection (Proactive) 12M(60%)->10M(50%)
[101.771s][info][gc] GC(57) Garbage Collection (Proactive) 12M(60%)->8M(40%)
[102.969s][info][gc] GC(58) Garbage Collection (Proactive) 10M(50%)->8M(40%)
[104.455s][info][gc] GC(59) Garbage Collection (Proactive) 10M(50%)->8M(40%)
[105.767s][info][gc] GC(60) Garbage Collection (Proactive) 10M(50%)->8M(40%)
[106.873s][info][gc] GC(61) Garbage Collection (Proactive) 10M(50%)->8M(40%)
[108.269s][info][gc] GC(62) Garbage Collection (Proactive) 10M(50%)->8M(40%)
[109.570s][info][gc] GC(63) Garbage Collection (Proactive) 10M(50%)->8M(40%)
[111.364s][info][gc] GC(64) Garbage Collection (Proactive) 10M(50%)->8M(40%)
[112.975s][info][gc] GC(65) Garbage Collection (Proactive) 12M(60%)->12M(60%)
[124.766s][info][gc] GC(66) Garbage Collection (Proactive) 14M(70%)->10M(50%)
[126.459s][info][gc] GC(67) Garbage Collection (Proactive) 12M(60%)->10M(50%)
[127.869s][info][gc] GC(68) Garbage Collection (Proactive) 12M(60%)->10M(50%)
[129.277s][info][gc] GC(69) Garbage Collection (Proactive) 12M(60%)->10M(50%)
[131.261s][info][gc] GC(70) Garbage Collection (Proactive) 12M(60%)->10M(50%)
[132.863s][info][gc] GC(71) Garbage Collection (Proactive) 12M(60%)->10M(50%)
[134.258s][info][gc] GC(72) Garbage Collection (Proactive) 12M(60%)->10M(50%)
[135.457s][info][gc] GC(73) Garbage Collection (Proactive) 12M(60%)->10M(50%)
[136.569s][info][gc] GC(74) Garbage Collection (Proactive) 12M(60%)->10M(50%)
[138.066s][info][gc] GC(75) Garbage Collection (Proactive) 12M(60%)->10M(50%)
[139.671s][info][gc] GC(76) Garbage Collection (Proactive) 12M(60%)->10M(50%)
[141.163s][info][gc] GC(77) Garbage Collection (Proactive) 12M(60%)->10M(50%)
[142.312s][info][gc] Allocation Stall (main) 17.558ms
[142.312s][info][gc] GC(78) Garbage Collection (Allocation Stall) 20M(100%)->14M(70%)
[142.335s][info][gc] Allocation Stall (main) 15.136ms
[142.335s][info][gc] GC(79) Garbage Collection (Allocation Stall) 20M(100%)->16M(80%)
[142.357s][info][gc] Allocation Stall (main) 15.005ms
[142.357s][info][gc] GC(80) Garbage Collection (Allocation Stall) 20M(100%)->16M(80%)
[142.378s][info][gc] Allocation Stall (main) 15.697ms
[142.379s][info][gc] GC(81) Garbage Collection (Allocation Stall) 20M(100%)->18M(90%)
[142.458s][info][gc] GC(82) Garbage Collection (Allocation Rate) 20M(100%)->10M(50%)
[142.557s][info][gc] GC(83) Garbage Collection (Allocation Rate) 10M(50%)->10M(50%)
[142.672s][info][gc] GC(84) Garbage Collection (Allocation Rate) 12M(60%)->8M(40%)
[142.770s][info][gc] GC(85) Garbage Collection (Allocation Rate) 10M(50%)->10M(50%)
[142.873s][info][gc] GC(86) Garbage Collection (Allocation Rate) 10M(50%)->10M(50%)
[142.963s][info][gc] GC(87) Garbage Collection (Allocation Rate) 10M(50%)->10M(50%)
[143.064s][info][gc] GC(88) Garbage Collection (Allocation Rate) 10M(50%)->10M(50%)
[143.169s][info][gc] GC(89) Garbage Collection (Allocation Rate) 10M(50%)->10M(50%)
[143.362s][info][gc] GC(90) Garbage Collection (Allocation Rate) 10M(50%)->10M(50%)
[143.469s][info][gc] GC(91) Garbage Collection (Allocation Rate) 10M(50%)->10M(50%)
[143.561s][info][gc] GC(92) Garbage Collection (Allocation Rate) 10M(50%)->10M(50%)
[143.657s][info][gc] GC(93) Garbage Collection (Allocation Rate) 10M(50%)->12M(60%)
[143.769s][info][gc] GC(94) Garbage Collection (Allocation Rate) 12M(60%)->10M(50%)
[143.860s][info][gc] GC(95) Garbage Collection (Allocation Rate) 10M(50%)->10M(50%)
[143.968s][info][gc] GC(96) Garbage Collection (Allocation Rate) 10M(50%)->10M(50%)
[144.060s][info][gc] GC(97) Garbage Collection (Allocation Rate) 10M(50%)->10M(50%)
[144.169s][info][gc] GC(98) Garbage Collection (Allocation Rate) 10M(50%)->10M(50%)
[145.162s][info][gc] GC(99) Garbage Collection (Proactive) 12M(60%)->10M(50%)
[146.561s][info][gc] GC(100) Garbage Collection (Proactive) 12M(60%)->10M(50%)
[147.762s][info][gc] GC(101) Garbage Collection (Proactive) 12M(60%)->10M(50%)
[148.965s][info][gc] GC(102) Garbage Collection (Proactive) 12M(60%)->10M(50%)
[150.358s][info][gc] GC(103) Garbage Collection (Proactive) 12M(60%)->10M(50%)
[151.658s][info][gc] GC(104) Garbage Collection (Proactive) 12M(60%)->12M(60%)
[166.770s][info][gc] GC(105) Garbage Collection (Proactive) 14M(70%)->10M(50%)
[168.367s][info][gc] GC(106) Garbage Collection (Proactive) 12M(60%)->10M(50%)
[169.762s][info][gc] GC(107) Garbage Collection (Proactive) 12M(60%)->10M(50%)
[170.962s][info][gc] GC(108) Garbage Collection (Proactive) 12M(60%)->10M(50%)
[172.063s][info][gc] GC(109) Garbage Collection (Proactive) 12M(60%)->10M(50%)
[173.664s][info][gc] GC(110) Garbage Collection (Proactive) 12M(60%)->12M(60%)
[187.762s][info][gc] GC(111) Garbage Collection (Proactive) 14M(70%)->10M(50%)
[189.074s][info][gc] GC(112) Garbage Collection (Proactive) 12M(60%)->10M(50%)
[190.774s][info][gc] GC(113) Garbage Collection (Proactive) 12M(60%)->10M(50%)
[192.265s][info][gc] GC(114) Garbage Collection (Proactive) 12M(60%)->10M(50%)
[193.671s][info][gc] GC(115) Garbage Collection (Proactive) 12M(60%)->12M(60%)
[209.756s][info][gc] GC(116) Garbage Collection (Proactive) 14M(70%)->10M(50%)
[211.458s][info][gc] GC(117) Garbage Collection (Proactive) 14M(70%)->12M(60%)
[212.766s][info][gc] GC(118) Garbage Collection (Proactive) 14M(70%)->12M(60%)
[213.857s][info][gc] GC(119) Garbage Collection (Proactive) 14M(70%)->12M(60%)
[214.957s][info][gc] GC(120) Garbage Collection (Proactive) 14M(70%)->12M(60%)
[215.968s][info][gc] GC(121) Garbage Collection (Proactive) 14M(70%)->10M(50%)
[217.967s][info][gc] GC(122) Garbage Collection (Proactive) 12M(60%)->10M(50%)
[219.565s][info][gc] GC(123) Garbage Collection (Proactive) 12M(60%)->10M(50%)
[220.971s][info][gc] GC(124) Garbage Collection (Proactive) 12M(60%)->10M(50%)
[222.368s][info][gc] GC(125) Garbage Collection (Proactive) 12M(60%)->10M(50%)
[223.663s][info][gc] GC(126) Garbage Collection (Proactive) 12M(60%)->10M(50%)
[224.878s][info][gc] GC(127) Garbage Collection (Proactive) 12M(60%)->10M(50%)
[226.461s][info][gc] GC(128) Garbage Collection (Proactive) 12M(60%)->10M(50%)
[227.859s][info][gc] GC(129) Garbage Collection (Proactive) 12M(60%)->10M(50%)
[229.267s][info][gc] GC(130) Garbage Collection (Proactive) 12M(60%)->10M(50%)
[231.371s][info][gc] GC(131) Garbage Collection (Proactive) 12M(60%)->10M(50%)
[233.074s][info][gc] GC(132) Garbage Collection (Proactive) 12M(60%)->10M(50%)
[234.665s][info][gc] GC(133) Garbage Collection (Proactive) 12M(60%)->10M(50%)
[236.071s][info][gc] GC(134) Garbage Collection (Proactive) 12M(60%)->10M(50%)
[237.472s][info][gc] GC(135) Garbage Collection (Proactive) 12M(60%)->10M(50%)
[238.862s][info][gc] GC(136) Garbage Collection (Proactive) 12M(60%)->10M(50%)
[240.278s][info][gc] GC(137) Garbage Collection (Proactive) 12M(60%)->10M(50%)
[242.068s][info][gc] GC(138) Garbage Collection (Proactive) 12M(60%)->10M(50%)
[243.565s][info][gc] GC(139) Garbage Collection (Proactive) 12M(60%)->10M(50%)
[244.965s][info][gc] GC(140) Garbage Collection (Proactive) 12M(60%)->10M(50%)
[246.158s][info][gc] GC(141) Garbage Collection (Proactive) 12M(60%)->10M(50%)
[247.373s][info][gc] GC(142) Garbage Collection (Proactive) 12M(60%)->10M(50%)
[248.575s][info][gc] GC(143) Garbage Collection (Proactive) 12M(60%)->10M(50%)
[250.063s][info][gc] GC(144) Garbage Collection (Proactive) 12M(60%)->10M(50%)
[251.572s][info][gc] GC(145) Garbage Collection (Proactive) 12M(60%)->10M(50%)
[253.462s][info][gc] GC(146) Garbage Collection (Proactive) 12M(60%)->10M(50%)
[255.373s][info][gc] GC(147) Garbage Collection (Proactive) 12M(60%)->10M(50%)
[257.063s][info][gc] GC(148) Garbage Collection (Proactive) 12M(60%)->10M(50%)
[258.668s][info][gc] GC(149) Garbage Collection (Proactive) 12M(60%)->10M(50%)
[260.164s][info][gc] GC(150) Garbage Collection (Proactive) 12M(60%)->10M(50%)
[261.679s][info][gc] GC(151) Garbage Collection (Proactive) 12M(60%)->12M(60%)
[266.362s][info][gc] GC(152) Garbage Collection (Proactive) 14M(70%)->12M(60%)
[268.166s][info][gc] GC(153) Garbage Collection (Proactive) 14M(70%)->12M(60%)
[269.557s][info][gc] GC(154) Garbage Collection (Proactive) 14M(70%)->12M(60%)
[270.656s][info][gc] GC(155) Garbage Collection (Proactive) 14M(70%)->12M(60%)
[271.662s][info][gc] GC(156) Garbage Collection (Proactive) 14M(70%)->12M(60%)
[272.668s][info][gc] GC(157) Garbage Collection (Proactive) 14M(70%)->12M(60%)
[273.559s][info][gc] GC(158) Garbage Collection (Proactive) 14M(70%)->12M(60%)
[274.458s][info][gc] GC(159) Garbage Collection (Proactive) 14M(70%)->12M(60%)
[275.557s][info][gc] GC(160) Garbage Collection (Proactive) 14M(70%)->12M(60%)
[276.566s][info][gc] GC(161) Garbage Collection (Proactive) 14M(70%)->12M(60%)
[277.461s][info][gc] GC(162) Garbage Collection (Proactive) 14M(70%)->12M(60%)
[278.368s][info][gc] GC(163) Garbage Collection (Proactive) 14M(70%)->12M(60%)
[279.263s][info][gc] GC(164) Garbage Collection (Proactive) 14M(70%)->12M(60%)
[280.155s][info][gc] GC(165) Garbage Collection (Proactive) 14M(70%)->12M(60%)
[281.063s][info][gc] GC(166) Garbage Collection (Proactive) 14M(70%)->12M(60%)
[281.863s][info][gc] GC(167) Garbage Collection (Proactive) 14M(70%)->12M(60%)
[282.762s][info][gc] GC(168) Garbage Collection (Proactive) 14M(70%)->12M(60%)
[283.764s][info][gc] GC(169) Garbage Collection (Proactive) 14M(70%)->12M(60%)
[284.754s][info][gc] GC(170) Garbage Collection (Proactive) 14M(70%)->12M(60%)
[285.666s][info][gc] GC(171) Garbage Collection (Proactive) 14M(70%)->12M(60%)
[286.563s][info][gc] GC(172) Garbage Collection (Proactive) 14M(70%)->12M(60%)
[287.457s][info][gc] GC(173) Garbage Collection (Proactive) 14M(70%)->12M(60%)
[288.369s][info][gc] GC(174) Garbage Collection (Proactive) 14M(70%)->12M(60%)
[289.168s][info][gc] GC(175) Garbage Collection (Proactive) 14M(70%)->12M(60%)
[290.063s][info][gc] GC(176) Garbage Collection (Proactive) 14M(70%)->12M(60%)
[290.959s][info][gc] GC(177) Garbage Collection (Proactive) 14M(70%)->12M(60%)
[291.868s][info][gc] GC(178) Garbage Collection (Proactive) 14M(70%)->12M(60%)
[292.764s][info][gc] GC(179) Garbage Collection (Proactive) 14M(70%)->12M(60%)
[293.661s][info][gc] GC(180) Garbage Collection (Proactive) 14M(70%)->12M(60%)
[294.555s][info][gc] GC(181) Garbage Collection (Proactive) 14M(70%)->12M(60%)
[295.463s][info][gc] GC(182) Garbage Collection (Proactive) 14M(70%)->12M(60%)
[296.355s][info][gc] GC(183) Garbage Collection (Proactive) 14M(70%)->12M(60%)
[297.261s][info][gc] GC(184) Garbage Collection (Proactive) 14M(70%)->12M(60%)
[298.169s][info][gc] GC(185) Garbage Collection (Proactive) 14M(70%)->12M(60%)
[298.969s][info][gc] GC(186) Garbage Collection (Proactive) 14M(70%)->12M(60%)
[299.753s][info][gc] GC(187) Garbage Collection (Proactive) 14M(70%)->12M(60%)
[300.554s][info][gc] GC(188) Garbage Collection (Proactive) 14M(70%)->12M(60%)
[301.365s][info][gc] GC(189) Garbage Collection (Proactive) 14M(70%)->12M(60%)
[302.166s][info][gc] GC(190) Garbage Collection (Proactive) 14M(70%)->12M(60%)
[302.967s][info][gc] GC(191) Garbage Collection (Proactive) 14M(70%)->12M(60%)
[303.860s][info][gc] GC(192) Garbage Collection (Proactive) 14M(70%)->12M(60%)
[304.757s][info][gc] GC(193) Garbage Collection (Proactive) 14M(70%)->12M(60%)
[305.555s][info][gc] GC(194) Garbage Collection (Proactive) 14M(70%)->12M(60%)
[306.355s][info][gc] GC(195) Garbage Collection (Proactive) 14M(70%)->12M(60%)
[307.169s][info][gc] GC(196) Garbage Collection (Proactive) 14M(70%)->12M(60%)
[308.065s][info][gc] GC(197) Garbage Collection (Proactive) 14M(70%)->12M(60%)
[308.865s][info][gc] GC(198) Garbage Collection (Proactive) 14M(70%)->12M(60%)
[309.868s][info][gc] GC(199) Garbage Collection (Proactive) 14M(70%)->12M(60%)
[310.868s][info][gc] GC(200) Garbage Collection (Proactive) 14M(70%)->12M(60%)
[311.864s][info][gc] GC(201) Garbage Collection (Proactive) 14M(70%)->12M(60%)
[313.058s][info][gc] GC(202) Garbage Collection (Proactive) 14M(70%)->12M(60%)
[314.164s][info][gc] GC(203) Garbage Collection (Proactive) 14M(70%)->12M(60%)
[315.267s][info][gc] GC(204) Garbage Collection (Proactive) 14M(70%)->12M(60%)
[316.271s][info][gc] GC(205) Garbage Collection (Proactive) 14M(70%)->12M(60%)
[317.353s][info][gc] GC(206) Garbage Collection (Proactive) 14M(70%)->12M(60%)
[318.360s][info][gc] GC(207) Garbage Collection (Proactive) 14M(70%)->12M(60%)
[319.269s][info][gc] GC(208) Garbage Collection (Proactive) 14M(70%)->12M(60%)
[320.162s][info][gc] GC(209) Garbage Collection (Proactive) 14M(70%)->12M(60%)
[321.059s][info][gc] GC(210) Garbage Collection (Proactive) 14M(70%)->12M(60%)
[322.158s][info][gc] GC(211) Garbage Collection (Proactive) 14M(70%)->12M(60%)
[323.162s][info][gc] GC(212) Garbage Collection (Proactive) 14M(70%)->12M(60%)
[324.169s][info][gc] GC(213) Garbage Collection (Proactive) 14M(70%)->12M(60%)
[325.167s][info][gc] GC(214) Garbage Collection (Proactive) 14M(70%)->12M(60%)
[326.153s][info][gc] GC(215) Garbage Collection (Proactive) 14M(70%)->12M(60%)
[327.064s][info][gc] GC(216) Garbage Collection (Proactive) 14M(70%)->12M(60%)
[327.969s][info][gc] GC(217) Garbage Collection (Proactive) 14M(70%)->12M(60%)
[328.767s][info][gc] GC(218) Garbage Collection (Proactive) 14M(70%)->12M(60%)
[329.567s][info][gc] GC(219) Garbage Collection (Proactive) 14M(70%)->12M(60%)
[330.357s][info][gc] GC(220) Garbage Collection (Proactive) 14M(70%)->12M(60%)
[331.154s][info][gc] GC(221) Garbage Collection (Proactive) 14M(70%)->12M(60%)
[331.966s][info][gc] GC(222) Garbage Collection (Proactive) 14M(70%)->12M(60%)
[332.765s][info][gc] GC(223) Garbage Collection (Proactive) 14M(70%)->12M(60%)
[333.564s][info][gc] GC(224) Garbage Collection (Proactive) 14M(70%)->12M(60%)
[334.364s][info][gc] GC(225) Garbage Collection (Proactive) 14M(70%)->12M(60%)
[335.160s][info][gc] GC(226) Garbage Collection (Proactive) 14M(70%)->12M(60%)
[335.954s][info][gc] GC(227) Garbage Collection (Proactive) 14M(70%)->12M(60%)
[336.755s][info][gc] GC(228) Garbage Collection (Proactive) 14M(70%)->12M(60%)
[337.556s][info][gc] GC(229) Garbage Collection (Proactive) 14M(70%)->12M(60%)
[338.564s][info][gc] GC(230) Garbage Collection (Proactive) 14M(70%)->12M(60%)
[339.663s][info][gc] GC(231) Garbage Collection (Proactive) 14M(70%)->12M(60%)
[340.668s][info][gc] GC(232) Garbage Collection (Proactive) 14M(70%)->12M(60%)
[341.658s][info][gc] GC(233) Garbage Collection (Proactive) 14M(70%)->12M(60%)
[342.658s][info][gc] GC(234) Garbage Collection (Proactive) 14M(70%)->12M(60%)
[343.668s][info][gc] GC(235) Garbage Collection (Proactive) 14M(70%)->12M(60%)
[344.659s][info][gc] GC(236) Garbage Collection (Proactive) 14M(70%)->12M(60%)
[345.661s][info][gc] GC(237) Garbage Collection (Proactive) 14M(70%)->12M(60%)
[346.667s][info][gc] GC(238) Garbage Collection (Proactive) 14M(70%)->12M(60%)
[347.659s][info][gc] GC(239) Garbage Collection (Proactive) 14M(70%)->12M(60%)
[348.567s][info][gc] GC(240) Garbage Collection (Proactive) 14M(70%)->12M(60%)
[349.556s][info][gc] GC(241) Garbage Collection (Proactive) 14M(70%)->12M(60%)
[350.468s][info][gc] GC(242) Garbage Collection (Proactive) 14M(70%)->12M(60%)
[351.365s][info][gc] GC(243) Garbage Collection (Proactive) 14M(70%)->12M(60%)
[352.260s][info][gc] GC(244) Garbage Collection (Proactive) 14M(70%)->12M(60%)
[353.157s][info][gc] GC(245) Garbage Collection (Proactive) 14M(70%)->12M(60%)
[354.066s][info][gc] GC(246) Garbage Collection (Proactive) 14M(70%)->12M(60%)
[355.069s][info][gc] GC(247) Garbage Collection (Proactive) 14M(70%)->12M(60%)
[355.963s][info][gc] GC(248) Garbage Collection (Proactive) 14M(70%)->12M(60%)
[356.857s][info][gc] GC(249) Garbage Collection (Proactive) 14M(70%)->12M(60%)
[357.769s][info][gc] GC(250) Garbage Collection (Proactive) 14M(70%)->12M(60%)
[358.760s][info][gc] GC(251) Garbage Collection (Proactive) 14M(70%)->12M(60%)
[359.768s][info][gc] GC(252) Garbage Collection (Proactive) 14M(70%)->12M(60%)
[360.664s][info][gc] GC(253) Garbage Collection (Proactive) 14M(70%)->12M(60%)
[361.464s][info][gc] GC(254) Garbage Collection (Proactive) 14M(70%)->12M(60%)
[362.266s][info][gc] GC(255) Garbage Collection (Proactive) 14M(70%)->12M(60%)
[363.255s][info][gc] GC(256) Garbage Collection (Proactive) 14M(70%)->12M(60%)
[364.167s][info][gc] GC(257) Garbage Collection (Proactive) 14M(70%)->12M(60%)
[365.062s][info][gc] GC(258) Garbage Collection (Proactive) 14M(70%)->12M(60%)
[365.956s][info][gc] GC(259) Garbage Collection (Proactive) 14M(70%)->12M(60%)
[366.868s][info][gc] GC(260) Garbage Collection (Proactive) 14M(70%)->12M(60%)
[367.764s][info][gc] GC(261) Garbage Collection (Proactive) 14M(70%)->12M(60%)
[368.660s][info][gc] GC(262) Garbage Collection (Proactive) 14M(70%)->12M(60%)
[369.554s][info][gc] GC(263) Garbage Collection (Proactive) 14M(70%)->12M(60%)
[370.466s][info][gc] GC(264) Garbage Collection (Proactive) 14M(70%)->12M(60%)
[371.266s][info][gc] GC(265) Garbage Collection (Proactive) 14M(70%)->12M(60%)
[372.066s][info][gc] GC(266) Garbage Collection (Proactive) 14M(70%)->12M(60%)
[372.867s][info][gc] GC(267) Garbage Collection (Proactive) 14M(70%)->12M(60%)
[373.763s][info][gc] GC(268) Garbage Collection (Proactive) 14M(70%)->12M(60%)
[374.563s][info][gc] GC(269) Garbage Collection (Proactive) 14M(70%)->12M(60%)
[375.365s][info][gc] GC(270) Garbage Collection (Proactive) 14M(70%)->12M(60%)
[376.276s][info][gc] GC(271) Garbage Collection (Proactive) 14M(70%)->10M(50%)
[377.970s][info][gc] GC(272) Garbage Collection (Proactive) 12M(60%)->10M(50%)
[379.560s][info][gc] GC(273) Garbage Collection (Proactive) 12M(60%)->10M(50%)
[380.963s][info][gc] GC(274) Garbage Collection (Proactive) 12M(60%)->10M(50%)
[382.177s][info][gc] GC(275) Garbage Collection (Proactive) 12M(60%)->10M(50%)
[384.364s][info][gc] GC(276) Garbage Collection (Proactive) 12M(60%)->10M(50%)
[386.157s][info][gc] GC(277) Garbage Collection (Proactive) 12M(60%)->10M(50%)
[387.563s][info][gc] GC(278) Garbage Collection (Proactive) 12M(60%)->10M(50%)
[388.871s][info][gc] GC(279) Garbage Collection (Proactive) 12M(60%)->12M(60%)
[404.968s][info][gc] GC(280) Garbage Collection (Proactive) 14M(70%)->10M(50%)
[406.475s][info][gc] GC(281) Garbage Collection (Proactive) 12M(60%)->10M(50%)
[407.875s][info][gc] GC(282) Garbage Collection (Proactive) 12M(60%)->10M(50%)
[409.270s][info][gc] GC(283) Garbage Collection (Proactive) 12M(60%)->10M(50%)
[410.771s][info][gc] GC(284) Garbage Collection (Proactive) 12M(60%)->10M(50%)
[412.171s][info][gc] GC(285) Garbage Collection (Proactive) 12M(60%)->10M(50%)
[413.472s][info][gc] GC(286) Garbage Collection (Proactive) 12M(60%)->10M(50%)
[415.176s][info][gc] GC(287) Garbage Collection (Proactive) 12M(60%)->10M(50%)
[416.666s][info][gc] GC(288) Garbage Collection (Proactive) 12M(60%)->10M(50%)
[418.166s][info][gc] GC(289) Garbage Collection (Proactive) 12M(60%)->10M(50%)
[419.376s][info][gc] GC(290) Garbage Collection (Proactive) 12M(60%)->10M(50%)
