[0.009s][info][gc] Using Parallel
[1.024s][info][gc] GC(0) Pause Young (Allocation Failure) 3M->1M(11M) 2.733ms
[2.574s][info][gc] GC(1) Pause Young (Allocation Failure) 4M->2M(11M) 2.811ms
[2.639s][info][gc] GC(2) Pause Young (Allocation Failure) 5M->3M(11M) 2.062ms
[2.689s][info][gc] GC(3) Pause Young (Allocation Failure) 6M->3M(11M) 2.572ms
[2.720s][info][gc] GC(4) Pause Young (Allocation Failure) 6M->4M(11M) 2.089ms
[3.442s][info][gc] GC(5) Pause Young (Allocation Failure) 7M->5M(10M) 2.862ms
[3.483s][info][gc] GC(6) Pause Young (Allocation Failure) 7M->6M(11M) 1.740ms
[3.605s][info][gc] GC(7) Pause Young (Allocation Failure) 8M->6M(11M) 1.477ms
[3.670s][info][gc] GC(8) Pause Young (Allocation Failure) 8M->6M(11M) 1.758ms
[6.708s][info][gc] GC(9) Pause Young (Allocation Failure) 8M->7M(11M) 1.617ms
[6.723s][info][gc] GC(10) Pause Full (Ergonomics) 7M->4M(11M) 15.568ms
[20.725s][info][gc] GC(11) Pause Young (Allocation Failure) 6M->4M(11M) 0.371ms
[40.731s][info][gc] GC(12) Pause Young (Allocation Failure) 6M->4M(11M) 0.578ms
[60.741s][info][gc] GC(13) Pause Young (Allocation Failure) 6M->4M(11M) 0.316ms
[75.985s][info][gc] GC(14) Pause Young (Allocation Failure) 6M->4M(11M) 0.538ms
[95.737s][info][gc] GC(15) Pause Young (Allocation Failure) 6M->4M(11M) 0.628ms
[115.780s][info][gc] GC(16) Pause Young (Allocation Failure) 6M->4M(11M) 0.386ms
[134.794s][info][gc] GC(17) Pause Young (Allocation Failure) 7M->5M(11M) 0.352ms
[155.807s][info][gc] GC(18) Pause Young (Allocation Failure) 7M->6M(11M) 0.310ms
[176.823s][info][gc] GC(19) Pause Young (Allocation Failure) 8M->6M(11M) 0.364ms
[198.782s][info][gc] GC(20) Pause Young (Allocation Failure) 8M->6M(11M) 0.405ms
[219.856s][info][gc] GC(21) Pause Young (Allocation Failure) 8M->6M(11M) 0.442ms
[221.806s][info][gc] GC(22) Pause Young (Allocation Failure) 8M->7M(11M) 0.587ms
[221.829s][info][gc] GC(23) Pause Full (Ergonomics) 7M->6M(11M) 23.337ms
[221.832s][info][gc] GC(24) Pause Young (Allocation Failure) 8M->6M(11M) 0.334ms
[221.835s][info][gc] GC(25) Pause Young (Allocation Failure) 8M->6M(11M) 0.157ms
[221.838s][info][gc] GC(26) Pause Young (Allocation Failure) 8M->6M(11M) 0.172ms
[221.841s][info][gc] GC(27) Pause Young (Allocation Failure) 8M->6M(11M) 0.152ms
[221.843s][info][gc] GC(28) Pause Young (Allocation Failure) 8M->6M(11M) 0.156ms
[221.846s][info][gc] GC(29) Pause Young (Allocation Failure) 8M->6M(11M) 0.161ms
[221.849s][info][gc] GC(30) Pause Young (Allocation Failure) 8M->6M(11M) 0.179ms
[221.852s][info][gc] GC(31) Pause Young (Allocation Failure) 8M->7M(11M) 0.174ms
[221.855s][info][gc] GC(32) Pause Young (Allocation Failure) 9M->7M(11M) 0.281ms
[221.868s][info][gc] GC(33) Pause Full (Ergonomics) 7M->6M(11M) 13.262ms
[221.883s][info][gc] GC(34) Pause Full (Ergonomics) 8M->7M(11M) 11.932ms
[221.896s][info][gc] GC(35) Pause Full (Ergonomics) 9M->7M(11M) 11.520ms
[221.911s][info][gc] GC(36) Pause Full (Ergonomics) 9M->7M(11M) 11.859ms
[221.925s][info][gc] GC(37) Pause Full (Ergonomics) 9M->7M(11M) 11.875ms
[221.939s][info][gc] GC(38) Pause Full (Ergonomics) 9M->7M(11M) 11.307ms
[221.953s][info][gc] GC(39) Pause Full (Ergonomics) 9M->7M(11M) 11.396ms
[221.966s][info][gc] GC(40) Pause Full (Ergonomics) 8M->7M(11M) 11.211ms
[230.813s][info][gc] GC(41) Pause Full (Ergonomics) 9M->5M(11M) 15.932ms
[250.875s][info][gc] GC(42) Pause Young (Allocation Failure) 7M->5M(11M) 0.481ms
[271.887s][info][gc] GC(43) Pause Young (Allocation Failure) 7M->5M(11M) 0.483ms
[293.898s][info][gc] GC(44) Pause Young (Allocation Failure) 7M->5M(11M) 0.405ms
[314.831s][info][gc] GC(45) Pause Young (Allocation Failure) 7M->5M(11M) 0.474ms
[335.924s][info][gc] GC(46) Pause Young (Allocation Failure) 7M->5M(11M) 0.581ms
[356.939s][info][gc] GC(47) Pause Young (Allocation Failure) 8M->6M(11M) 0.323ms
[378.850s][info][gc] GC(48) Pause Young (Allocation Failure) 8M->6M(11M) 0.425ms
[399.962s][info][gc] GC(49) Pause Young (Allocation Failure) 8M->6M(11M) 0.307ms
[421.976s][info][gc] GC(50) Pause Young (Allocation Failure) 8M->6M(11M) 0.564ms
[430.978s][info][gc] GC(51) Pause Young (Allocation Failure) 8M->7M(11M) 0.367ms
[430.992s][info][gc] GC(52) Pause Full (Ergonomics) 7M->6M(11M) 14.405ms
[444.983s][info][gc] GC(53) Pause Young (Allocation Failure) 8M->6M(11M) 0.633ms
[467.001s][info][gc] GC(54) Pause Young (Allocation Failure) 8M->6M(11M) 0.319ms
[488.874s][info][gc] GC(55) Pause Young (Allocation Failure) 8M->6M(11M) 0.331ms
[510.025s][info][gc] GC(56) Pause Young (Allocation Failure) 8M->6M(11M) 0.333ms
[532.041s][info][gc] GC(57) Pause Young (Allocation Failure) 8M->6M(11M) 0.337ms
[559.060s][info][gc] GC(58) Pause Young (Allocation Failure) 8M->6M(11M) 0.317ms
[586.893s][info][gc] GC(59) Pause Young (Allocation Failure) 8M->6M(11M) 0.570ms
[619.104s][info][gc] GC(60) Pause Young (Allocation Failure) 9M->6M(11M) 0.552ms
[652.130s][info][gc] GC(61) Pause Young (Allocation Failure) 9M->6M(11M) 0.519ms
