[0.012s][info][gc] Using Serial
[1.060s][info][gc] GC(0) Pause Young (Allocation Failure) 3M->1M(11M) 3.462ms
[7.462s][info][gc] GC(1) Pause Young (Allocation Failure) 4M->2M(11M) 3.623ms
[7.539s][info][gc] GC(2) Pause Young (Allocation Failure) 5M->3M(11M) 2.689ms
[7.579s][info][gc] GC(3) Pause Young (Allocation Failure) 6M->4M(11M) 3.240ms
[7.618s][info][gc] GC(4) Pause Young (Allocation Failure) 7M->4M(11M) 1.715ms
[7.775s][info][gc] GC(5) Pause Young (Allocation Failure) 7M->4M(11M) 2.409ms
[7.941s][info][gc] GC(6) Pause Young (Allocation Failure) 8M->5M(11M) 4.194ms
[12.009s][info][gc] GC(7) Pause Young (Allocation Failure) 9M->6M(11M) 3.018ms
[34.015s][info][gc] GC(8) Pause Young (Allocation Failure) 9M->6M(11M) 3.315ms
[66.054s][info][gc] GC(9) Pause Young (Allocation Failure) 9M->6M(11M) 0.976ms
[88.082s][info][gc] GC(10) Pause Young (Allocation Failure) 9M->7M(11M) 1.449ms
[122.068s][info][gc] GC(11) Pause Young (Allocation Failure) 10M->10M(11M) 0.088ms
[122.089s][info][gc] GC(12) Pause Full (Allocation Failure) 10M->5M(11M) 21.012ms
[131.334s][info][gc] GC(13) Pause Young (Allocation Failure) 8M->6M(11M) 0.940ms
[131.339s][info][gc] GC(14) Pause Young (Allocation Failure) 9M->6M(11M) 0.412ms
[131.344s][info][gc] GC(15) Pause Young (Allocation Failure) 9M->6M(11M) 0.397ms
[131.348s][info][gc] GC(16) Pause Young (Allocation Failure) 9M->6M(11M) 0.357ms
[131.353s][info][gc] GC(17) Pause Young (Allocation Failure) 9M->7M(11M) 0.374ms
[131.357s][info][gc] GC(18) Pause Young (Allocation Failure) 10M->10M(11M) 0.038ms
[131.373s][info][gc] GC(19) Pause Full (Allocation Failure) 10M->6M(11M) 16.199ms
[131.377s][info][gc] GC(20) Pause Young (Allocation Failure) 10M->10M(11M) 0.037ms
[131.390s][info][gc] GC(21) Pause Full (Allocation Failure) 10M->6M(11M) 12.949ms
[131.394s][info][gc] GC(22) Pause Young (Allocation Failure) 10M->10M(11M) 0.041ms
[131.408s][info][gc] GC(23) Pause Full (Allocation Failure) 10M->6M(11M) 13.701ms
[132.114s][info][gc] GC(24) Pause Young (Allocation Failure) 9M->6M(11M) 0.563ms
[160.093s][info][gc] GC(25) Pause Young (Allocation Failure) 10M->6M(11M) 0.722ms
[194.156s][info][gc] GC(26) Pause Young (Allocation Failure) 10M->6M(11M) 1.104ms
[218.169s][info][gc] GC(27) Pause Young (Allocation Failure) 10M->6M(11M) 1.244ms
[243.123s][info][gc] GC(28) Pause Young (Allocation Failure) 10M->7M(11M) 0.981ms
[277.205s][info][gc] GC(29) Pause Young (Allocation Failure) 10M->10M(11M) 0.046ms
[277.223s][info][gc] GC(30) Pause Full (Allocation Failure) 10M->5M(11M) 18.146ms
[300.954s][info][gc] GC(31) Pause Young (Allocation Failure) 9M->5M(11M) 0.497ms
[303.152s][info][gc] GC(32) Pause Young (Allocation Failure) 9M->5M(11M) 0.398ms
[305.219s][info][gc] GC(33) Pause Young (Allocation Failure) 9M->5M(11M) 0.412ms
[307.353s][info][gc] GC(34) Pause Young (Allocation Failure) 9M->5M(11M) 0.401ms
[309.354s][info][gc] GC(35) Pause Young (Allocation Failure) 9M->5M(11M) 0.660ms
[311.553s][info][gc] GC(36) Pause Young (Allocation Failure) 9M->5M(11M) 0.439ms
[313.653s][info][gc] GC(37) Pause Young (Allocation Failure) 9M->5M(11M) 0.480ms
[315.753s][info][gc] GC(38) Pause Young (Allocation Failure) 9M->5M(11M) 0.467ms
[317.854s][info][gc] GC(39) Pause Young (Allocation Failure) 9M->5M(11M) 0.508ms
[351.242s][info][gc] GC(40) Pause Young (Allocation Failure) 9M->5M(11M) 1.661ms
[386.264s][info][gc] GC(41) Pause Young (Allocation Failure) 9M->5M(11M) 0.941ms
[422.289s][info][gc] GC(42) Pause Young (Allocation Failure) 9M->5M(11M) 0.875ms
[458.176s][info][gc] GC(43) Pause Young (Allocation Failure) 9M->5M(11M) 0.833ms
